 > Using model: fast_pitch
 > Setting up Audio Processor...
 | > sample_rate:22050
 | > resample:False
 | > num_mels:80
 | > log_func:np.log
 | > min_level_db:-100
 | > frame_shift_ms:None
 | > frame_length_ms:None
 | > ref_level_db:20
 | > fft_size:1024
 | > power:1.5
 | > preemphasis:0.0
 | > griffin_lim_iters:60
 | > signal_norm:False
 | > symmetric_norm:True
 | > mel_fmin:0
 | > mel_fmax:8000.0
 | > pitch_fmin:0.0
 | > pitch_fmax:640.0
 | > spec_gain:1.0
 | > stft_pad_mode:reflect
 | > max_norm:4.0
 | > clip_norm:True
 | > do_trim_silence:True
 | > trim_db:60
 | > do_sound_norm:False
 | > do_amp_to_db_linear:True
 | > do_amp_to_db_mel:True
 | > do_rms_norm:False
 | > db_level:None
 | > stats_path:None
 | > base:2.718281828459045
 | > hop_length:256
 | > win_length:1024
 > Init speaker_embedding layer.
 > Vocoder Model: hifigan
 > Setting up Audio Processor...
 | > sample_rate:22050
 | > resample:False
 | > num_mels:80
 | > log_func:np.log
 | > min_level_db:-100
 | > frame_shift_ms:None
 | > frame_length_ms:None
 | > ref_level_db:20
 | > fft_size:1024
 | > power:1.5
 | > preemphasis:0.0
 | > griffin_lim_iters:60
 | > signal_norm:False
 | > symmetric_norm:True
 | > mel_fmin:0
 | > mel_fmax:8000.0
 | > pitch_fmin:0.0
 | > pitch_fmax:640.0
 | > spec_gain:1.0
 | > stft_pad_mode:reflect
 | > max_norm:4.0
 | > clip_norm:True
 | > do_trim_silence:True
 | > trim_db:60
 | > do_sound_norm:False
 | > do_amp_to_db_linear:True
 | > do_amp_to_db_mel:True
 | > do_rms_norm:False
 | > db_level:None
 | > stats_path:None
 | > base:2.718281828459045
 | > hop_length:256
 | > win_length:1024
 > Generator Model: hifigan_generator
 > Discriminator Model: hifigan_discriminator
Removing weight norm...
 > Text splitted to sentences.
['નદીનું પાણી ઝડપથી વધી રહ્યું છે.', 'સુરક્ષિત સ્થળે જાઓ.']
 > Processing time: 2.6537022590637207
 > Real-time factor: 0.3088273455305008
{"number": 1, "language_code": "gu", "text": "નદીનું પાણી ઝડપથી વધી રહ્યું છે. સુરક્ષિત સ્થળે જાઓ.", "wav": "/mnt/d/iTantra-tts-gu-indic/local-recordings/gu-indic/01.wav", "generation_seconds": 2.654, "audio_seconds": 8.593, "sample_rate": 22050}
 > Text splitted to sentences.
['શાળાની પાસે આગ લાગી છે.', 'ત્યાંથી દૂર રહો.']
 > Processing time: 2.2586371898651123
 > Real-time factor: 0.29923902877166486
{"number": 2, "language_code": "gu", "text": "શાળાની પાસે આગ લાગી છે. ત્યાંથી દૂર રહો.", "wav": "/mnt/d/iTantra-tts-gu-indic/local-recordings/gu-indic/02.wav", "generation_seconds": 2.26, "audio_seconds": 7.548, "sample_rate": 22050}
 > Text splitted to sentences.
['બજાર પછી ડાબી તરફ વળો.']
 > Processing time: 1.2887849807739258
 > Real-time factor: 0.3108886402291382
{"number": 3, "language_code": "gu", "text": "બજાર પછી ડાબી તરફ વળો.", "wav": "/mnt/d/iTantra-tts-gu-indic/local-recordings/gu-indic/03.wav", "generation_seconds": 1.29, "audio_seconds": 4.145, "sample_rate": 22050}
 > Text splitted to sentences.
['જૂનો પુલ પાર કરીને હોસ્પિટલ સામે ઊભા રહો.']
 > Processing time: 1.8917121887207031
 > Real-time factor: 0.3213380821004214
{"number": 4, "language_code": "gu", "text": "જૂનો પુલ પાર કરીને હોસ્પિટલ સામે ઊભા રહો.", "wav": "/mnt/d/iTantra-tts-gu-indic/local-recordings/gu-indic/04.wav", "generation_seconds": 1.892, "audio_seconds": 5.887, "sample_rate": 22050}
 > Text splitted to sentences.
['કૃપા કરીને ગામના ઉત્તર ભાગમાં એક ડૉક્ટર મોકલો.']
 > Processing time: 2.4478840827941895
 > Real-time factor: 0.33677650510140184
{"number": 5, "language_code": "gu", "text": "કૃપા કરીને ગામના ઉત્તર ભાગમાં એક ડૉક્ટર મોકલો.", "wav": "/mnt/d/iTantra-tts-gu-indic/local-recordings/gu-indic/05.wav", "generation_seconds": 2.449, "audio_seconds": 7.269, "sample_rate": 22050}
 > Text splitted to sentences.
['ત્રણ બાળકો મંદિરમાં ફસાયા છે.', 'મદદ કરો.']
 > Processing time: 1.8508050441741943
 > Real-time factor: 0.31938901847014295
{"number": 6, "language_code": "gu", "text": "ત્રણ બાળકો મંદિરમાં ફસાયા છે. મદદ કરો.", "wav": "/mnt/d/iTantra-tts-gu-indic/local-recordings/gu-indic/06.wav", "generation_seconds": 1.852, "audio_seconds": 5.795, "sample_rate": 22050}
 > Text splitted to sentences.
['આજે સાંજે આપણે ઘરે મળીશું.']
 > Processing time: 1.6359825134277344
 > Real-time factor: 0.3315083666104391
{"number": 7, "language_code": "gu", "text": "આજે સાંજે આપણે ઘરે મળીશું.", "wav": "/mnt/d/iTantra-tts-gu-indic/local-recordings/gu-indic/07.wav", "generation_seconds": 1.637, "audio_seconds": 4.935, "sample_rate": 22050}
 > Text splitted to sentences.
['મારો ભાઈ સવારે દુકાને જશે.']
 > Processing time: 1.5164589881896973
 > Real-time factor: 0.32730932546576763
{"number": 8, "language_code": "gu", "text": "મારો ભાઈ સવારે દુકાને જશે.", "wav": "/mnt/d/iTantra-tts-gu-indic/local-recordings/gu-indic/08.wav", "generation_seconds": 1.518, "audio_seconds": 4.633, "sample_rate": 22050}
 > Text splitted to sentences.
['દવાઓ માટે ૧૨ બોક્સ લઈને આવો.']
 > Processing time: 1.5748720169067383
 > Real-time factor: 0.32369433233401923
{"number": 9, "language_code": "gu", "text": "દવાઓ માટે ૧૨ બોક્સ લઈને આવો.", "wav": "/mnt/d/iTantra-tts-gu-indic/local-recordings/gu-indic/09.wav", "generation_seconds": 1.576, "audio_seconds": 4.865, "sample_rate": 22050}
 > Text splitted to sentences.
['અમદાવાદના સરદાર માર્ગ પર મને મળો.']
 > Processing time: 1.6008014678955078
 > Real-time factor: 0.3266851063147485
{"number": 10, "language_code": "gu", "text": "અમદાવાદના સરદાર માર્ગ પર મને મળો.", "wav": "/mnt/d/iTantra-tts-gu-indic/local-recordings/gu-indic/10.wav", "generation_seconds": 1.601, "audio_seconds": 4.9, "sample_rate": 22050}
