 > Using model: fast_pitch
 > Setting up Audio Processor...
 | > sample_rate:22050
 | > resample:False
 | > num_mels:80
 | > log_func:np.log
 | > min_level_db:-100
 | > frame_shift_ms:None
 | > frame_length_ms:None
 | > ref_level_db:20
 | > fft_size:1024
 | > power:1.5
 | > preemphasis:0.0
 | > griffin_lim_iters:60
 | > signal_norm:False
 | > symmetric_norm:True
 | > mel_fmin:0
 | > mel_fmax:8000.0
 | > pitch_fmin:0.0
 | > pitch_fmax:640.0
 | > spec_gain:1.0
 | > stft_pad_mode:reflect
 | > max_norm:4.0
 | > clip_norm:True
 | > do_trim_silence:True
 | > trim_db:60
 | > do_sound_norm:False
 | > do_amp_to_db_linear:True
 | > do_amp_to_db_mel:True
 | > do_rms_norm:False
 | > db_level:None
 | > stats_path:None
 | > base:2.718281828459045
 | > hop_length:256
 | > win_length:1024
 > Init speaker_embedding layer.
 > Vocoder Model: hifigan
 > Setting up Audio Processor...
 | > sample_rate:22050
 | > resample:False
 | > num_mels:80
 | > log_func:np.log
 | > min_level_db:-100
 | > frame_shift_ms:None
 | > frame_length_ms:None
 | > ref_level_db:20
 | > fft_size:1024
 | > power:1.5
 | > preemphasis:0.0
 | > griffin_lim_iters:60
 | > signal_norm:False
 | > symmetric_norm:True
 | > mel_fmin:0
 | > mel_fmax:8000.0
 | > pitch_fmin:0.0
 | > pitch_fmax:640.0
 | > spec_gain:1.0
 | > stft_pad_mode:reflect
 | > max_norm:4.0
 | > clip_norm:True
 | > do_trim_silence:True
 | > trim_db:60
 | > do_sound_norm:False
 | > do_amp_to_db_linear:True
 | > do_amp_to_db_mel:True
 | > do_rms_norm:False
 | > db_level:None
 | > stats_path:None
 | > base:2.718281828459045
 | > hop_length:256
 | > win_length:1024
 > Generator Model: hifigan_generator
 > Discriminator Model: hifigan_discriminator
Removing weight norm...
 > Text splitted to sentences.
['நதியின் நீர்மட்டம் வேகமாக உயர்கிறது.', 'பாதுகாப்பான இடத்திற்குச் செல்லுங்கள்.']
 > Processing time: 2.674971342086792
 > Real-time factor: 0.36049725022622336
{"number": 1, "language_code": "ta", "text": "நதியின் நீர்மட்டம் வேகமாக உயர்கிறது. பாதுகாப்பான இடத்திற்குச் செல்லுங்கள்.", "wav": "/mnt/d/iTantra-tts-ta-indic/local-recordings/ta-indic/01.wav", "generation_seconds": 2.675, "audio_seconds": 7.42, "sample_rate": 22050}
 > Text splitted to sentences.
['பள்ளி அருகே தீப்பற்றி உள்ளது.', 'தூரமாக இருங்கள்.']
 > Processing time: 1.7913894653320312
 > Real-time factor: 0.33902205532967666
{"number": 2, "language_code": "ta", "text": "பள்ளி அருகே தீப்பற்றி உள்ளது. தூரமாக இருங்கள்.", "wav": "/mnt/d/iTantra-tts-ta-indic/local-recordings/ta-indic/02.wav", "generation_seconds": 1.792, "audio_seconds": 5.284, "sample_rate": 22050}
 > Text splitted to sentences.
['சந்தைக்குப் பிறகு இடதுபுறம் திரும்புங்கள்.']
 > Processing time: 1.3410511016845703
 > Real-time factor: 0.34067023954083847
{"number": 3, "language_code": "ta", "text": "சந்தைக்குப் பிறகு இடதுபுறம் திரும்புங்கள்.", "wav": "/mnt/d/iTantra-tts-ta-indic/local-recordings/ta-indic/03.wav", "generation_seconds": 1.342, "audio_seconds": 3.937, "sample_rate": 22050}
 > Text splitted to sentences.
['பழைய பாலத்தைக் கடந்து மருத்துவமனை முன் நிற்குங்கள்.']
 > Processing time: 1.543034315109253
 > Real-time factor: 0.3581765480057166
{"number": 4, "language_code": "ta", "text": "பழைய பாலத்தைக் கடந்து மருத்துவமனை முன் நிற்குங்கள்.", "wav": "/mnt/d/iTantra-tts-ta-indic/local-recordings/ta-indic/04.wav", "generation_seconds": 1.544, "audio_seconds": 4.308, "sample_rate": 22050}
 > Text splitted to sentences.
['தயவுசெய்து கிராமத்தின் வடக்குப் பகுதிக்கு ஒரு மருத்துவரை அனுப்புங்கள்.']
 > Processing time: 1.9776220321655273
 > Real-time factor: 0.3768022069788632
{"number": 5, "language_code": "ta", "text": "தயவுசெய்து கிராமத்தின் வடக்குப் பகுதிக்கு ஒரு மருத்துவரை அனுப்புங்கள்.", "wav": "/mnt/d/iTantra-tts-ta-indic/local-recordings/ta-indic/05.wav", "generation_seconds": 1.978, "audio_seconds": 5.248, "sample_rate": 22050}
 > Text splitted to sentences.
['மூன்று குழந்தைகள் கோவிலில் சிக்கியுள்ளனர்.', 'உதவி செய்யுங்கள்.']
 > Processing time: 1.9350931644439697
 > Real-time factor: 0.33062239861757325
{"number": 6, "language_code": "ta", "text": "மூன்று குழந்தைகள் கோவிலில் சிக்கியுள்ளனர். உதவி செய்யுங்கள்.", "wav": "/mnt/d/iTantra-tts-ta-indic/local-recordings/ta-indic/06.wav", "generation_seconds": 1.936, "audio_seconds": 5.853, "sample_rate": 22050}
 > Text splitted to sentences.
['இன்று மாலை நாம் வீட்டில் சந்திப்போம்.']
 > Processing time: 1.2946500778198242
 > Real-time factor: 0.36916814369862305
{"number": 7, "language_code": "ta", "text": "இன்று மாலை நாம் வீட்டில் சந்திப்போம்.", "wav": "/mnt/d/iTantra-tts-ta-indic/local-recordings/ta-indic/07.wav", "generation_seconds": 1.296, "audio_seconds": 3.507, "sample_rate": 22050}
 > Text splitted to sentences.
['என் சகோதரன் காலையில் கடைக்குச் செல்வான்.']
 > Processing time: 1.047959804534912
 > Real-time factor: 0.28649466487297676
{"number": 8, "language_code": "ta", "text": "என் சகோதரன் காலையில் கடைக்குச் செல்வான்.", "wav": "/mnt/d/iTantra-tts-ta-indic/local-recordings/ta-indic/08.wav", "generation_seconds": 1.049, "audio_seconds": 3.658, "sample_rate": 22050}
 > Text splitted to sentences.
['மருந்துக்காக ௧௨ பெட்டிகளை கொண்டு வாருங்கள்.']
மருந்துக்காக ௧௨ பெட்டிகளை கொண்டு வாருங்கள்.
 [!] Character '௧' not found in the vocabulary. Discarding it.
மருந்துக்காக ௧௨ பெட்டிகளை கொண்டு வாருங்கள்.
 [!] Character '௨' not found in the vocabulary. Discarding it.
 > Processing time: 1.352142333984375
 > Real-time factor: 0.34862884078993767
{"number": 9, "language_code": "ta", "text": "மருந்துக்காக ௧௨ பெட்டிகளை கொண்டு வாருங்கள்.", "wav": "/mnt/d/iTantra-tts-ta-indic/local-recordings/ta-indic/09.wav", "generation_seconds": 1.353, "audio_seconds": 3.878, "sample_rate": 22050}
 > Text splitted to sentences.
['சென்னையின் அண்ணா சாலையில் என்னை சந்திக்கவும்.']
 > Processing time: 1.51664400100708
 > Real-time factor: 0.35395851208939577
{"number": 10, "language_code": "ta", "text": "சென்னையின் அண்ணா சாலையில் என்னை சந்திக்கவும்.", "wav": "/mnt/d/iTantra-tts-ta-indic/local-recordings/ta-indic/10.wav", "generation_seconds": 1.517, "audio_seconds": 4.285, "sample_rate": 22050}
