--------- beginning of main
09-26 22:08:44.464  6633  6677 D ITANTRA_TTS: debug speak lang=bn codepoints=44
09-26 22:08:44.464  6633  6677 D ITANTRA_TTS: speak lang=bn textLen=44
09-26 22:08:44.486  6633  6677 D ITANTRA_TTS: installing assets 'vits-mms-ben' -> /data/user/0/com.chmod777.itantra/files/vits-mms-ben
09-26 22:08:46.625  6633  6677 D ITANTRA_TTS: installed 'vits-mms-ben' deltaMs=2139
09-26 22:08:46.669  6633  6677 D ITANTRA_TTS: initialising 'bn' model=/data/user/0/com.chmod777.itantra/files/vits-mms-ben/model.onnx
09-26 22:08:52.200  6633  6677 D ITANTRA_TTS: initialised 'bn' sampleRate=16000
09-26 22:08:52.201  6633  6677 D ITANTRA_TTS: synthesis start lang=bn
09-26 22:09:07.649  6633  6677 D ITANTRA_TTS: synthesis done lang=bn samples=54798 rate=16000 deltaMs=15448
09-26 22:09:07.706  6633  6677 D ITANTRA_TTS: playback start samples=54798 rate=16000
09-26 22:09:11.262  6633  6677 D ITANTRA_TTS: playback end
09-26 22:09:11.272  6633  6677 D ITANTRA_TTS: debug speak returned lang=bn
09-26 22:09:19.468  6633  6677 D ITANTRA_TTS: debug speak lang=bn codepoints=44
09-26 22:09:19.468  6633  6677 D ITANTRA_TTS: speak lang=bn textLen=44
09-26 22:09:19.468  6633  6677 D ITANTRA_TTS: synthesis start lang=bn
09-26 22:09:32.876  6633  6677 D ITANTRA_TTS: synthesis done lang=bn samples=51119 rate=16000 deltaMs=13407
09-26 22:09:32.898  6633  6677 D ITANTRA_TTS: playback start samples=51119 rate=16000
09-26 22:09:36.180  6633  6677 D ITANTRA_TTS: playback end
09-26 22:09:36.190  6633  6677 D ITANTRA_TTS: debug speak returned lang=bn
09-26 22:09:36.556  6633  6677 D ITANTRA_TTS: debug speak lang=bn codepoints=37
09-26 22:09:36.556  6633  6677 D ITANTRA_TTS: speak lang=bn textLen=37
09-26 22:09:36.556  6633  6677 D ITANTRA_TTS: synthesis start lang=bn
09-26 22:09:50.721  6633  6677 D ITANTRA_TTS: synthesis done lang=bn samples=48050 rate=16000 deltaMs=14165
09-26 22:09:50.741  6633  6677 D ITANTRA_TTS: playback start samples=48050 rate=16000
09-26 22:09:53.813  6633  6677 D ITANTRA_TTS: playback end
09-26 22:09:53.823  6633  6677 D ITANTRA_TTS: debug speak returned lang=bn
09-26 22:09:54.223  6633  6677 D ITANTRA_TTS: debug speak lang=bn codepoints=28
09-26 22:09:54.224  6633  6677 D ITANTRA_TTS: speak lang=bn textLen=28
09-26 22:09:54.224  6633  6677 D ITANTRA_TTS: synthesis start lang=bn
09-26 22:10:01.991  6633  6677 D ITANTRA_TTS: synthesis done lang=bn samples=30639 rate=16000 deltaMs=7767
09-26 22:10:02.010  6633  6677 D ITANTRA_TTS: playback start samples=30639 rate=16000
09-26 22:10:03.996  6633  6677 D ITANTRA_TTS: playback end
09-26 22:10:04.005  6633  6677 D ITANTRA_TTS: debug speak returned lang=bn
09-26 22:10:04.320  6633  6677 D ITANTRA_TTS: debug speak lang=bn codepoints=43
09-26 22:10:04.320  6633  6677 D ITANTRA_TTS: speak lang=bn textLen=43
09-26 22:10:04.320  6633  6677 D ITANTRA_TTS: synthesis start lang=bn
09-26 22:10:17.585  6633  6677 D ITANTRA_TTS: synthesis done lang=bn samples=49538 rate=16000 deltaMs=13265
09-26 22:10:17.604  6633  6677 D ITANTRA_TTS: playback start samples=49538 rate=16000
09-26 22:10:20.780  6633  6677 D ITANTRA_TTS: playback end
09-26 22:10:20.788  6633  6677 D ITANTRA_TTS: debug speak returned lang=bn
09-26 22:10:21.138  6633  6677 D ITANTRA_TTS: debug speak lang=bn codepoints=51
09-26 22:10:21.138  6633  6677 D ITANTRA_TTS: speak lang=bn textLen=51
09-26 22:10:21.138  6633  6677 D ITANTRA_TTS: synthesis start lang=bn
09-26 22:10:35.532  6633  6677 D ITANTRA_TTS: synthesis done lang=bn samples=54328 rate=16000 deltaMs=14394
09-26 22:10:35.551  6633  6677 D ITANTRA_TTS: playback start samples=54328 rate=16000
09-26 22:10:39.054  6633  6677 D ITANTRA_TTS: playback end
09-26 22:10:39.062  6633  6677 D ITANTRA_TTS: debug speak returned lang=bn
09-26 22:10:39.373  6633  6677 D ITANTRA_TTS: debug speak lang=bn codepoints=45
09-26 22:10:39.373  6633  6677 D ITANTRA_TTS: speak lang=bn textLen=45
09-26 22:10:39.373  6633  6677 D ITANTRA_TTS: synthesis start lang=bn
09-26 22:10:56.719  6633  6677 D ITANTRA_TTS: synthesis done lang=bn samples=59626 rate=16000 deltaMs=17346
09-26 22:10:56.739  6633  6677 D ITANTRA_TTS: playback start samples=59626 rate=16000
09-26 22:11:00.553  6633  6677 D ITANTRA_TTS: playback end
09-26 22:11:00.561  6633  6677 D ITANTRA_TTS: debug speak returned lang=bn
09-26 22:11:00.978  6633  6677 D ITANTRA_TTS: debug speak lang=bn codepoints=32
09-26 22:11:00.979  6633  6677 D ITANTRA_TTS: speak lang=bn textLen=32
09-26 22:11:00.979  6633  6677 D ITANTRA_TTS: synthesis start lang=bn
09-26 22:11:11.860  6633  6677 D ITANTRA_TTS: synthesis done lang=bn samples=36507 rate=16000 deltaMs=10881
09-26 22:11:11.880  6633  6677 D ITANTRA_TTS: playback start samples=36507 rate=16000
09-26 22:11:14.240  6633  6677 D ITANTRA_TTS: playback end
09-26 22:11:14.250  6633  6677 D ITANTRA_TTS: debug speak returned lang=bn
09-26 22:11:14.710  6633  6677 D ITANTRA_TTS: debug speak lang=bn codepoints=27
09-26 22:11:14.710  6633  6677 D ITANTRA_TTS: speak lang=bn textLen=27
09-26 22:11:14.711  6633  6677 D ITANTRA_TTS: synthesis start lang=bn
09-26 22:11:24.792  6633  6677 D ITANTRA_TTS: synthesis done lang=bn samples=32746 rate=16000 deltaMs=10082
09-26 22:11:24.811  6633  6677 D ITANTRA_TTS: playback start samples=32746 rate=16000
09-26 22:11:26.940  6633  6677 D ITANTRA_TTS: playback end
09-26 22:11:26.951  6633  6677 D ITANTRA_TTS: debug speak returned lang=bn
09-26 22:11:27.339  6633  6677 D ITANTRA_TTS: debug speak lang=bn codepoints=34
09-26 22:11:27.339  6633  6677 D ITANTRA_TTS: speak lang=bn textLen=34
09-26 22:11:27.339  6633  6677 D ITANTRA_TTS: synthesis start lang=bn
09-26 22:11:38.202  6633  6677 D ITANTRA_TTS: synthesis done lang=bn samples=38615 rate=16000 deltaMs=10863
09-26 22:11:38.222  6633  6677 D ITANTRA_TTS: playback start samples=38615 rate=16000
09-26 22:11:40.725  6633  6677 D ITANTRA_TTS: playback end
09-26 22:11:40.736  6633  6677 D ITANTRA_TTS: debug speak returned lang=bn
09-26 22:11:41.178  6633  6677 D ITANTRA_TTS: debug speak lang=bn codepoints=44
09-26 22:11:41.179  6633  6677 D ITANTRA_TTS: speak lang=bn textLen=44
09-26 22:11:41.179  6633  6677 D ITANTRA_TTS: synthesis start lang=bn
09-26 22:11:54.422  6633  6677 D ITANTRA_TTS: synthesis done lang=bn samples=49926 rate=16000 deltaMs=13243
09-26 22:11:54.443  6633  6677 D ITANTRA_TTS: playback start samples=49926 rate=16000
09-26 22:11:57.662  6633  6677 D ITANTRA_TTS: playback end
09-26 22:11:57.673  6633  6677 D ITANTRA_TTS: debug speak returned lang=bn
09-26 22:11:58.095  6633  6677 D ITANTRA_TTS: debug speak lang=bn codepoints=44
09-26 22:11:58.095  6633  6677 D ITANTRA_TTS: speak lang=bn textLen=44
09-26 22:11:58.095  6633  6677 D ITANTRA_TTS: synthesis start lang=bn
09-26 22:12:11.505  6633  6677 D ITANTRA_TTS: synthesis done lang=bn samples=53403 rate=16000 deltaMs=13410
09-26 22:12:11.524  6633  6677 D ITANTRA_TTS: playback start samples=53403 rate=16000
09-26 22:12:14.942  6633  6677 D ITANTRA_TTS: playback end
09-26 22:12:14.951  6633  6677 D ITANTRA_TTS: debug speak returned lang=bn
09-26 22:12:15.329  6633  6677 D ITANTRA_TTS: debug speak lang=bn codepoints=37
09-26 22:12:15.329  6633  6677 D ITANTRA_TTS: speak lang=bn textLen=37
09-26 22:12:15.329  6633  6677 D ITANTRA_TTS: synthesis start lang=bn
09-26 22:12:29.212  6633  6677 D ITANTRA_TTS: synthesis done lang=bn samples=46217 rate=16000 deltaMs=13883
09-26 22:12:29.231  6633  6677 D ITANTRA_TTS: playback start samples=46217 rate=16000
09-26 22:12:32.209  6633  6677 D ITANTRA_TTS: playback end
09-26 22:12:32.218  6633  6677 D ITANTRA_TTS: debug speak returned lang=bn
09-26 22:12:32.698  6633  6677 D ITANTRA_TTS: debug speak lang=bn codepoints=28
09-26 22:12:32.698  6633  6677 D ITANTRA_TTS: speak lang=bn textLen=28
09-26 22:12:32.698  6633  6677 D ITANTRA_TTS: synthesis start lang=bn
09-26 22:12:40.157  6633  6677 D ITANTRA_TTS: synthesis done lang=bn samples=29570 rate=16000 deltaMs=7459
09-26 22:12:40.177  6633  6677 D ITANTRA_TTS: playback start samples=29570 rate=16000
09-26 22:12:42.097  6633  6677 D ITANTRA_TTS: playback end
09-26 22:12:42.108  6633  6677 D ITANTRA_TTS: debug speak returned lang=bn
09-26 22:12:42.547  6633  6677 D ITANTRA_TTS: debug speak lang=bn codepoints=43
09-26 22:12:42.547  6633  6677 D ITANTRA_TTS: speak lang=bn textLen=43
09-26 22:12:42.547  6633  6677 D ITANTRA_TTS: synthesis start lang=bn
09-26 22:12:55.765  6633  6677 D ITANTRA_TTS: synthesis done lang=bn samples=49083 rate=16000 deltaMs=13218
09-26 22:12:55.784  6633  6677 D ITANTRA_TTS: playback start samples=49083 rate=16000
09-26 22:12:58.928  6633  6677 D ITANTRA_TTS: playback end
09-26 22:12:58.937  6633  6677 D ITANTRA_TTS: debug speak returned lang=bn
09-26 22:12:59.379  6633  6677 D ITANTRA_TTS: debug speak lang=bn codepoints=51
09-26 22:12:59.379  6633  6677 D ITANTRA_TTS: speak lang=bn textLen=51
09-26 22:12:59.380  6633  6677 D ITANTRA_TTS: synthesis start lang=bn
09-26 22:13:15.263  6633  6677 D ITANTRA_TTS: synthesis done lang=bn samples=58127 rate=16000 deltaMs=15883
09-26 22:13:15.287  6633  6677 D ITANTRA_TTS: playback start samples=58127 rate=16000
09-26 22:13:19.001  6633  6677 D ITANTRA_TTS: playback end
09-26 22:13:19.010  6633  6677 D ITANTRA_TTS: debug speak returned lang=bn
09-26 22:13:19.407  6633  6677 D ITANTRA_TTS: debug speak lang=bn codepoints=45
09-26 22:13:19.407  6633  6677 D ITANTRA_TTS: speak lang=bn textLen=45
09-26 22:13:19.408  6633  6677 D ITANTRA_TTS: synthesis start lang=bn
09-26 22:13:35.972  6633  6677 D ITANTRA_TTS: synthesis done lang=bn samples=55426 rate=16000 deltaMs=16565
09-26 22:13:35.995  6633  6677 D ITANTRA_TTS: playback start samples=55426 rate=16000
09-26 22:13:39.552  6633  6677 D ITANTRA_TTS: playback end
09-26 22:13:39.563  6633  6677 D ITANTRA_TTS: debug speak returned lang=bn
09-26 22:13:40.024  6633  6677 D ITANTRA_TTS: debug speak lang=bn codepoints=32
09-26 22:13:40.024  6633  6677 D ITANTRA_TTS: speak lang=bn textLen=32
09-26 22:13:40.024  6633  6677 D ITANTRA_TTS: synthesis start lang=bn
09-26 22:13:51.413  6633  6677 D ITANTRA_TTS: synthesis done lang=bn samples=36284 rate=16000 deltaMs=11389
09-26 22:13:51.431  6633  6677 D ITANTRA_TTS: playback start samples=36284 rate=16000
09-26 22:13:53.795  6633  6677 D ITANTRA_TTS: playback end
09-26 22:13:53.806  6633  6677 D ITANTRA_TTS: debug speak returned lang=bn
09-26 22:13:54.284  6633  6677 D ITANTRA_TTS: debug speak lang=bn codepoints=27
09-26 22:13:54.284  6633  6677 D ITANTRA_TTS: speak lang=bn textLen=27
09-26 22:13:54.284  6633  6677 D ITANTRA_TTS: synthesis start lang=bn
09-26 22:14:05.594  6633  6677 D ITANTRA_TTS: synthesis done lang=bn samples=33854 rate=16000 deltaMs=11310
09-26 22:14:05.614  6633  6677 D ITANTRA_TTS: playback start samples=33854 rate=16000
09-26 22:14:07.818  6633  6677 D ITANTRA_TTS: playback end
09-26 22:14:07.826  6633  6677 D ITANTRA_TTS: debug speak returned lang=bn
09-26 22:14:08.207  6633  6677 D ITANTRA_TTS: debug speak lang=bn codepoints=34
09-26 22:14:08.207  6633  6677 D ITANTRA_TTS: speak lang=bn textLen=34
09-26 22:14:08.208  6633  6677 D ITANTRA_TTS: synthesis start lang=bn
09-26 22:14:19.727  6633  6677 D ITANTRA_TTS: synthesis done lang=bn samples=41892 rate=16000 deltaMs=11519
09-26 22:14:19.749  6633  6677 D ITANTRA_TTS: playback start samples=41892 rate=16000
09-26 22:14:22.455  6633  6677 D ITANTRA_TTS: playback end
09-26 22:14:22.464  6633  6677 D ITANTRA_TTS: debug speak returned lang=bn
09-26 22:14:22.903  6633  6677 D ITANTRA_TTS: debug speak lang=bn codepoints=44
09-26 22:14:22.904  6633  6677 D ITANTRA_TTS: speak lang=bn textLen=44
09-26 22:14:22.904  6633  6677 D ITANTRA_TTS: synthesis start lang=bn
09-26 22:14:36.050  6633  6677 D ITANTRA_TTS: synthesis done lang=bn samples=50239 rate=16000 deltaMs=13146
09-26 22:14:36.069  6633  6677 D ITANTRA_TTS: playback start samples=50239 rate=16000
09-26 22:14:39.296  6633  6677 D ITANTRA_TTS: playback end
09-26 22:14:39.306  6633  6677 D ITANTRA_TTS: debug speak returned lang=bn
09-26 22:15:08.167  6633  6677 D ITANTRA_TTS: debug speak lang=en codepoints=22
09-26 22:15:08.167  6633  6677 D ITANTRA_TTS: speak lang=en textLen=22
09-26 22:15:08.177  6633  6677 D ITANTRA_TTS: initialising 'en' model=/data/user/0/com.chmod777.itantra/files/vits-piper-en_US-ryan-medium/en_US-ryan-medium.onnx
09-26 22:15:12.224  6633  6677 D ITANTRA_TTS: initialised 'en' sampleRate=22050
09-26 22:15:12.224  6633  6677 D ITANTRA_TTS: synthesis start lang=en
09-26 22:15:13.110  6633  6677 D ITANTRA_TTS: synthesis done lang=en samples=27648 rate=22050 deltaMs=886
09-26 22:15:13.132  6633  6677 D ITANTRA_TTS: playback start samples=27648 rate=22050
09-26 22:15:14.445  6633  6677 D ITANTRA_TTS: playback end
09-26 22:15:14.458  6633  6677 D ITANTRA_TTS: debug speak returned lang=en
09-26 22:15:14.983  6633  6677 D ITANTRA_TTS: debug speak lang=hi codepoints=22
09-26 22:15:14.983  6633  6677 D ITANTRA_TTS: speak lang=hi textLen=22
09-26 22:15:14.994  6633  6677 D ITANTRA_TTS: initialising 'hi' model=/data/user/0/com.chmod777.itantra/files/vits-piper-hi_IN-pratham-medium/hi_IN-pratham-medium.onnx
09-26 22:15:19.212  6633  6677 D ITANTRA_TTS: initialised 'hi' sampleRate=22050
09-26 22:15:19.212  6633  6677 D ITANTRA_TTS: synthesis start lang=hi
09-26 22:15:20.649  6633  6677 D ITANTRA_TTS: synthesis done lang=hi samples=46727 rate=22050 deltaMs=1437
09-26 22:15:20.669  6633  6677 D ITANTRA_TTS: playback start samples=46727 rate=22050
09-26 22:15:22.823  6633  6677 D ITANTRA_TTS: playback end
09-26 22:15:22.835  6633  6677 D ITANTRA_TTS: debug speak returned lang=hi
09-26 22:15:23.269  6633  6677 D ITANTRA_TTS: debug speak lang=ml codepoints=62
09-26 22:15:23.269  6633  6677 D ITANTRA_TTS: speak lang=ml textLen=62
09-26 22:15:23.278  6633  6677 D ITANTRA_TTS: initialising 'ml' model=/data/user/0/com.chmod777.itantra/files/vits-piper-ml_IN-arjun-medium/ml_IN-arjun-medium.onnx
09-26 22:15:27.297  6633  6677 D ITANTRA_TTS: initialised 'ml' sampleRate=22050
09-26 22:15:27.297  6633  6677 D ITANTRA_TTS: synthesis start lang=ml
09-26 22:15:30.861  6633  6677 D ITANTRA_TTS: synthesis done lang=ml samples=111226 rate=22050 deltaMs=3564
09-26 22:15:30.880  6633  6677 D ITANTRA_TTS: playback start samples=111226 rate=22050
09-26 22:15:35.986  6633  6677 D ITANTRA_TTS: playback end
09-26 22:15:35.997  6633  6677 D ITANTRA_TTS: debug speak returned lang=ml
09-26 22:15:36.378  6633  6677 D ITANTRA_TTS: debug speak lang=en codepoints=53
09-26 22:15:36.379  6633  6677 D ITANTRA_TTS: speak lang=en textLen=53
09-26 22:15:36.379  6633  6677 D ITANTRA_TTS: synthesis start lang=en
09-26 22:15:38.177  6633  6677 D ITANTRA_TTS: synthesis done lang=en samples=60416 rate=22050 deltaMs=1798
09-26 22:15:38.197  6633  6677 D ITANTRA_TTS: playback start samples=60416 rate=22050
09-26 22:15:41.003  6633  6677 D ITANTRA_TTS: playback end
09-26 22:15:41.010  6633  6677 D ITANTRA_TTS: debug speak returned lang=en
09-26 22:15:41.438  6633  6677 D ITANTRA_TTS: debug speak lang=hi codepoints=28
09-26 22:15:41.438  6633  6677 D ITANTRA_TTS: speak lang=hi textLen=28
09-26 22:15:41.439  6633  6677 D ITANTRA_TTS: synthesis start lang=hi
09-26 22:15:42.740  6633  6677 D ITANTRA_TTS: synthesis done lang=hi samples=39073 rate=22050 deltaMs=1302
09-26 22:15:42.761  6633  6677 D ITANTRA_TTS: playback start samples=39073 rate=22050
09-26 22:15:44.617  6633  6677 D ITANTRA_TTS: playback end
09-26 22:15:44.627  6633  6677 D ITANTRA_TTS: debug speak returned lang=hi
09-26 22:15:44.998  6633  6677 D ITANTRA_TTS: debug speak lang=ml codepoints=32
09-26 22:15:44.999  6633  6677 D ITANTRA_TTS: speak lang=ml textLen=32
09-26 22:15:44.999  6633  6677 D ITANTRA_TTS: synthesis start lang=ml
09-26 22:15:46.737  6633  6677 D ITANTRA_TTS: synthesis done lang=ml samples=55448 rate=22050 deltaMs=1738
09-26 22:15:46.754  6633  6677 D ITANTRA_TTS: playback start samples=55448 rate=22050
09-26 22:15:49.301  6633  6677 D ITANTRA_TTS: playback end
09-26 22:15:49.310  6633  6677 D ITANTRA_TTS: debug speak returned lang=ml
09-26 22:15:49.708  6633  6677 D ITANTRA_TTS: debug speak lang=hi codepoints=22
09-26 22:15:49.708  6633  6677 D ITANTRA_TTS: speak lang=hi textLen=22
09-26 22:15:49.709  6633  6677 D ITANTRA_TTS: synthesis start lang=hi
09-26 22:15:51.023  6633  6677 D ITANTRA_TTS: synthesis done lang=hi samples=42776 rate=22050 deltaMs=1313
09-26 22:15:51.042  6633  6677 D ITANTRA_TTS: playback start samples=42776 rate=22050
09-26 22:15:53.095  6633  6677 D ITANTRA_TTS: playback end
09-26 22:15:53.103  6633  6677 D ITANTRA_TTS: debug speak returned lang=hi
09-26 22:15:53.406  6633  6677 D ITANTRA_TTS: debug speak lang=en codepoints=22
09-26 22:15:53.406  6633  6677 D ITANTRA_TTS: speak lang=en textLen=22
09-26 22:15:53.406  6633  6677 D ITANTRA_TTS: synthesis start lang=en
09-26 22:15:54.170  6633  6677 D ITANTRA_TTS: synthesis done lang=en samples=26368 rate=22050 deltaMs=764
09-26 22:15:54.189  6633  6677 D ITANTRA_TTS: playback start samples=26368 rate=22050
09-26 22:15:55.518  6633  6677 D ITANTRA_TTS: playback end
09-26 22:15:55.528  6633  6677 D ITANTRA_TTS: debug speak returned lang=en
09-26 22:15:55.875  6633  6677 D ITANTRA_TTS: debug speak lang=ml codepoints=62
09-26 22:15:55.875  6633  6677 D ITANTRA_TTS: speak lang=ml textLen=62
09-26 22:15:55.875  6633  6677 D ITANTRA_TTS: synthesis start lang=ml
09-26 22:15:59.567  6633  6677 D ITANTRA_TTS: synthesis done lang=ml samples=117160 rate=22050 deltaMs=3692
09-26 22:15:59.586  6633  6677 D ITANTRA_TTS: playback start samples=117160 rate=22050
09-26 22:16:04.941  6633  6677 D ITANTRA_TTS: playback end
09-26 22:16:04.953  6633  6677 D ITANTRA_TTS: debug speak returned lang=ml
09-26 22:16:05.414  6633  6677 D ITANTRA_TTS: debug speak lang=bn codepoints=44
09-26 22:16:05.415  6633  6677 D ITANTRA_TTS: speak lang=bn textLen=44
09-26 22:16:05.415  6633  6677 D ITANTRA_TTS: synthesis start lang=bn
09-26 22:16:18.152  6633  6677 D ITANTRA_TTS: synthesis done lang=bn samples=49134 rate=16000 deltaMs=12737
09-26 22:16:18.169  6633  6677 D ITANTRA_TTS: playback start samples=49134 rate=16000
09-26 22:16:21.310  6633  6677 D ITANTRA_TTS: playback end
09-26 22:16:21.320  6633  6677 D ITANTRA_TTS: debug speak returned lang=bn
