[transformers] Disabling PyTorch because PyTorch >= 2.5 is required but found 2.2.2+cpu
[transformers] PyTorch was not found. Models won't be available and only tokenizers, configuration and file/data utilities can be used.
/home/utkarsh_keshri/tts-bn-venv/lib/python3.10/site-packages/TTS/tts/models/forward_tts.py:686: TracerWarning: torch.tensor results are registered as constants in the trace. You can safely ignore this warning if you use this function to create tensors out of constant variables that would be the same every time you call this function. In any other case, this might cause the trace to be incorrect.
  x_lengths = torch.tensor(x.shape[1:2]).to(x.device)
/home/utkarsh_keshri/tts-bn-venv/lib/python3.10/site-packages/TTS/tts/layers/generic/pos_encoding.py:49: TracerWarning: Converting a tensor to a Python boolean might cause the trace to be incorrect. We can't record the data flow of Python values, so this value will be treated as a constant in the future. This means that the trace might not generalize to other inputs!
  if self.pe.size(2) < x.size(2):
/home/utkarsh_keshri/tts-bn-venv/lib/python3.10/site-packages/torch/onnx/_internal/jit_utils.py:307: UserWarning: Constant folding - Only steps=1 can be constant folded for opset >= 10 onnx::Slice op. Constant folding not applied. (Triggered internally at ../torch/csrc/jit/passes/onnx/constant_fold.cpp:179.)
  _C._jit_pass_onnx_node_shape_type_inference(node, params_dict, opset_version)
/home/utkarsh_keshri/tts-bn-venv/lib/python3.10/site-packages/torch/onnx/utils.py:702: UserWarning: Constant folding - Only steps=1 can be constant folded for opset >= 10 onnx::Slice op. Constant folding not applied. (Triggered internally at ../torch/csrc/jit/passes/onnx/constant_fold.cpp:179.)
  _C._jit_pass_onnx_graph_shape_type_inference(
/home/utkarsh_keshri/tts-bn-venv/lib/python3.10/site-packages/torch/onnx/utils.py:1209: UserWarning: Constant folding - Only steps=1 can be constant folded for opset >= 10 onnx::Slice op. Constant folding not applied. (Triggered internally at ../torch/csrc/jit/passes/onnx/constant_fold.cpp:179.)
  _C._jit_pass_onnx_graph_shape_type_inference(
 > Using model: fast_pitch
 > Setting up Audio Processor...
 | > sample_rate:22050
 | > resample:False
 | > num_mels:80
 | > log_func:np.log
 | > min_level_db:-100
 | > frame_shift_ms:None
 | > frame_length_ms:None
 | > ref_level_db:20
 | > fft_size:1024
 | > power:1.5
 | > preemphasis:0.0
 | > griffin_lim_iters:60
 | > signal_norm:False
 | > symmetric_norm:True
 | > mel_fmin:0
 | > mel_fmax:8000.0
 | > pitch_fmin:0.0
 | > pitch_fmax:640.0
 | > spec_gain:1.0
 | > stft_pad_mode:reflect
 | > max_norm:4.0
 | > clip_norm:True
 | > do_trim_silence:True
 | > trim_db:60
 | > do_sound_norm:False
 | > do_amp_to_db_linear:True
 | > do_amp_to_db_mel:True
 | > do_rms_norm:False
 | > db_level:None
 | > stats_path:None
 | > base:2.718281828459045
 | > hop_length:256
 | > win_length:1024
 > Init speaker_embedding layer.
 > Vocoder Model: hifigan
 > Setting up Audio Processor...
 | > sample_rate:22050
 | > resample:False
 | > num_mels:80
 | > log_func:np.log
 | > min_level_db:-100
 | > frame_shift_ms:None
 | > frame_length_ms:None
 | > ref_level_db:20
 | > fft_size:1024
 | > power:1.5
 | > preemphasis:0.0
 | > griffin_lim_iters:60
 | > signal_norm:False
 | > symmetric_norm:True
 | > mel_fmin:0
 | > mel_fmax:8000.0
 | > pitch_fmin:0.0
 | > pitch_fmax:640.0
 | > spec_gain:1.0
 | > stft_pad_mode:reflect
 | > max_norm:4.0
 | > clip_norm:True
 | > do_trim_silence:True
 | > trim_db:60
 | > do_sound_norm:False
 | > do_amp_to_db_linear:True
 | > do_amp_to_db_mel:True
 | > do_rms_norm:False
 | > db_level:None
 | > stats_path:None
 | > base:2.718281828459045
 | > hop_length:256
 | > win_length:1024
 > Generator Model: hifigan_generator
 > Discriminator Model: hifigan_discriminator
Removing weight norm...
{"stage": "acoustic_export", "seconds": 5.192818697999996, "bytes": 217364473}
{"stage": "acoustic_ort", "number": 1, "tokens": 52, "mel_shape": [1, 619, 80]}
[1;31m2026-09-25 13:44:27.231542304 [E:onnxruntime:, sequential_executor.cc:516 ExecuteKernel] Non-zero status code returned while running Reshape node. Name:'/encoder/encoder/fft_layers.0/self_attn/Reshape_4' Status Message: /onnxruntime_src/onnxruntime/core/providers/cpu/tensor/reshape_helper.h:45 onnxruntime::ReshapeHelper::ReshapeHelper(const onnxruntime::TensorShape&, onnxruntime::TensorShapeVector&, bool) input_shape_size == size was false. The input tensor cannot be reshaped to the requested shape. Input shape:{40,1,512}, requested shape:{52,1,512}
[m
{"stage": "acoustic_ort", "number": 2, "tokens": 40, "error": "[ONNXRuntimeError] : 6 : RUNTIME_EXCEPTION : Non-zero status code returned while running Reshape node. Name:'/encoder/encoder/fft_layers.0/self_attn/Reshape_4' Status Message: /onnxruntime_src/onnxruntime/core/providers/cpu/tensor/reshape_helper.h:45 onnxruntime::ReshapeHelper::ReshapeHelper(const onnxruntime::TensorShape&, onnxruntime::TensorShapeVector&, bool) input_shape_size == size was false. The input tensor cannot be reshaped to the requested shape. Input shape:{40,1,512}, requested shape:{52,1,512}\n"}
{"stage": "vocoder_export", "seconds": 1.271900015, "bytes": 55749528}
{"stage": "vocoder_ort", "frames": 100, "waveform_shape": [1, 1, 28160]}
{"stage": "vocoder_ort", "frames": 120, "waveform_shape": [1, 1, 33280]}
