 > Using model: fast_pitch
 > Setting up Audio Processor...
 | > sample_rate:22050
 | > resample:False
 | > num_mels:80
 | > log_func:np.log
 | > min_level_db:-100
 | > frame_shift_ms:None
 | > frame_length_ms:None
 | > ref_level_db:20
 | > fft_size:1024
 | > power:1.5
 | > preemphasis:0.0
 | > griffin_lim_iters:60
 | > signal_norm:False
 | > symmetric_norm:True
 | > mel_fmin:0
 | > mel_fmax:8000.0
 | > pitch_fmin:0.0
 | > pitch_fmax:640.0
 | > spec_gain:1.0
 | > stft_pad_mode:reflect
 | > max_norm:4.0
 | > clip_norm:True
 | > do_trim_silence:True
 | > trim_db:60
 | > do_sound_norm:False
 | > do_amp_to_db_linear:True
 | > do_amp_to_db_mel:True
 | > do_rms_norm:False
 | > db_level:None
 | > stats_path:None
 | > base:2.718281828459045
 | > hop_length:256
 | > win_length:1024
 > Init speaker_embedding layer.
 > Vocoder Model: hifigan
 > Setting up Audio Processor...
 | > sample_rate:22050
 | > resample:False
 | > num_mels:80
 | > log_func:np.log
 | > min_level_db:-100
 | > frame_shift_ms:None
 | > frame_length_ms:None
 | > ref_level_db:20
 | > fft_size:1024
 | > power:1.5
 | > preemphasis:0.0
 | > griffin_lim_iters:60
 | > signal_norm:False
 | > symmetric_norm:True
 | > mel_fmin:0
 | > mel_fmax:8000.0
 | > pitch_fmin:0.0
 | > pitch_fmax:640.0
 | > spec_gain:1.0
 | > stft_pad_mode:reflect
 | > max_norm:4.0
 | > clip_norm:True
 | > do_trim_silence:True
 | > trim_db:60
 | > do_sound_norm:False
 | > do_amp_to_db_linear:True
 | > do_amp_to_db_mel:True
 | > do_rms_norm:False
 | > db_level:None
 | > stats_path:None
 | > base:2.718281828459045
 | > hop_length:256
 | > win_length:1024
 > Generator Model: hifigan_generator
 > Discriminator Model: hifigan_discriminator
Removing weight norm...
 > Text splitted to sentences.
['নদীর পানি দ্রুত বাড়ছে। নিরাপদ জায়গায় যান।']
 > Processing time: 1.7953364849090576
 > Real-time factor: 0.3734638631343841
{"number": 1, "language_code": "bn", "text": "নদীর পানি দ্রুত বাড়ছে। নিরাপদ জায়গায় যান।", "wav": "/mnt/d/iTantra-tts-bn-indic/local-recordings/bn-indic/01.wav", "generation_seconds": 1.795, "audio_seconds": 4.807, "sample_rate": 22050}
 > Text splitted to sentences.
['স্কুলের কাছে আগুন লেগেছে। দূরে থাকুন।']
 > Processing time: 1.3645870685577393
 > Real-time factor: 0.33479999178496245
{"number": 2, "language_code": "bn", "text": "স্কুলের কাছে আগুন লেগেছে। দূরে থাকুন।", "wav": "/mnt/d/iTantra-tts-bn-indic/local-recordings/bn-indic/02.wav", "generation_seconds": 1.365, "audio_seconds": 4.076, "sample_rate": 22050}
 > Text splitted to sentences.
['বাজারের পরের বাঁ দিকে ঘুরুন।']
 > Processing time: 1.4203178882598877
 > Real-time factor: 0.34070941510150704
{"number": 3, "language_code": "bn", "text": "বাজারের পরের বাঁ দিকে ঘুরুন।", "wav": "/mnt/d/iTantra-tts-bn-indic/local-recordings/bn-indic/03.wav", "generation_seconds": 1.421, "audio_seconds": 4.169, "sample_rate": 22050}
 > Text splitted to sentences.
['পুরোনো সেতু পেরিয়ে হাসপাতালের সামনে থামুন।']
 > Processing time: 1.6377942562103271
 > Real-time factor: 0.3682632092249726
{"number": 4, "language_code": "bn", "text": "পুরোনো সেতু পেরিয়ে হাসপাতালের সামনে থামুন।", "wav": "/mnt/d/iTantra-tts-bn-indic/local-recordings/bn-indic/04.wav", "generation_seconds": 1.638, "audio_seconds": 4.447, "sample_rate": 22050}
 > Text splitted to sentences.
['দয়া করে গ্রামের উত্তর দিক থেকে একজন চিকিৎসক পাঠান।']
 > Processing time: 1.9255380630493164
 > Real-time factor: 0.3743309554436224
{"number": 5, "language_code": "bn", "text": "দয়া করে গ্রামের উত্তর দিক থেকে একজন চিকিৎসক পাঠান।", "wav": "/mnt/d/iTantra-tts-bn-indic/local-recordings/bn-indic/05.wav", "generation_seconds": 1.926, "audio_seconds": 5.144, "sample_rate": 22050}
 > Text splitted to sentences.
['তিনজন শিশু মন্দিরে আটকা পড়েছে। সাহায্য করুন।']
 > Processing time: 1.609485149383545
 > Real-time factor: 0.367656509447074
{"number": 6, "language_code": "bn", "text": "তিনজন শিশু মন্দিরে আটকা পড়েছে। সাহায্য করুন।", "wav": "/mnt/d/iTantra-tts-bn-indic/local-recordings/bn-indic/06.wav", "generation_seconds": 1.61, "audio_seconds": 4.378, "sample_rate": 22050}
 > Text splitted to sentences.
['আজ বিকেলে আমরা বাড়িতে দেখা করব।']
 > Processing time: 1.3858630657196045
 > Real-time factor: 0.3510186615410458
{"number": 7, "language_code": "bn", "text": "আজ বিকেলে আমরা বাড়িতে দেখা করব।", "wav": "/mnt/d/iTantra-tts-bn-indic/local-recordings/bn-indic/07.wav", "generation_seconds": 1.387, "audio_seconds": 3.948, "sample_rate": 22050}
 > Text splitted to sentences.
['আমার ভাই সকালে দোকানে যাবে।']
 > Processing time: 1.134078025817871
 > Real-time factor: 0.3367595947705782
{"number": 8, "language_code": "bn", "text": "আমার ভাই সকালে দোকানে যাবে।", "wav": "/mnt/d/iTantra-tts-bn-indic/local-recordings/bn-indic/08.wav", "generation_seconds": 1.135, "audio_seconds": 3.368, "sample_rate": 22050}
 > Text splitted to sentences.
['ওষুধের জন্য ১২টি বাক্স নিয়ে আসুন।']
 > Processing time: 1.4154448509216309
 > Real-time factor: 0.34144231317632984
{"number": 9, "language_code": "bn", "text": "ওষুধের জন্য ১২টি বাক্স নিয়ে আসুন।", "wav": "/mnt/d/iTantra-tts-bn-indic/local-recordings/bn-indic/09.wav", "generation_seconds": 1.416, "audio_seconds": 4.145, "sample_rate": 22050}
 > Text splitted to sentences.
['কলকাতার রবীন্দ্র সড়কে আমার সঙ্গে দেখা করুন।']
 > Processing time: 1.6840627193450928
 > Real-time factor: 0.3709203987689717
{"number": 10, "language_code": "bn", "text": "কলকাতার রবীন্দ্র সড়কে আমার সঙ্গে দেখা করুন।", "wav": "/mnt/d/iTantra-tts-bn-indic/local-recordings/bn-indic/10.wav", "generation_seconds": 1.685, "audio_seconds": 4.54, "sample_rate": 22050}
