D:\a\sherpa-onnx\sherpa-onnx\sherpa-onnx\csrc\offline-tts-character-frontend.cc:ConvertTextToTokenIds:133 Skip unknown character. Unicode codepoint: \U+002e.
D:\a\sherpa-onnx\sherpa-onnx\sherpa-onnx\csrc\offline-tts-character-frontend.cc:ConvertTextToTokenIds:133 Skip unknown character. Unicode codepoint: \U+002e.
D:\a\sherpa-onnx\sherpa-onnx\sherpa-onnx\csrc\offline-tts-character-frontend.cc:ConvertTextToTokenIds:133 Skip unknown character. Unicode codepoint: \U+002e.
D:\a\sherpa-onnx\sherpa-onnx\sherpa-onnx\csrc\offline-tts-character-frontend.cc:ConvertTextToTokenIds:133 Skip unknown character. Unicode codepoint: \U+002e.
D:\a\sherpa-onnx\sherpa-onnx\sherpa-onnx\csrc\offline-tts-character-frontend.cc:ConvertTextToTokenIds:133 Skip unknown character. Unicode codepoint: \U+002e.
D:\a\sherpa-onnx\sherpa-onnx\sherpa-onnx\csrc\offline-tts-character-frontend.cc:ConvertTextToTokenIds:133 Skip unknown character. Unicode codepoint: \U+002e.
D:\a\sherpa-onnx\sherpa-onnx\sherpa-onnx\csrc\offline-tts-character-frontend.cc:ConvertTextToTokenIds:133 Skip unknown character. Unicode codepoint: \U+002e.
D:\a\sherpa-onnx\sherpa-onnx\sherpa-onnx\csrc\offline-tts-character-frontend.cc:ConvertTextToTokenIds:133 Skip unknown character. Unicode codepoint: \U+002e.
D:\a\sherpa-onnx\sherpa-onnx\sherpa-onnx\csrc\offline-tts-character-frontend.cc:ConvertTextToTokenIds:133 Skip unknown character. Unicode codepoint: \U+002e.
D:\a\sherpa-onnx\sherpa-onnx\sherpa-onnx\csrc\offline-tts-character-frontend.cc:ConvertTextToTokenIds:133 Skip unknown character. Unicode codepoint: \U+002e.
D:\a\sherpa-onnx\sherpa-onnx\sherpa-onnx\csrc\offline-tts-character-frontend.cc:ConvertTextToTokenIds:133 Skip unknown character. Unicode codepoint: \U+002e.
D:\a\sherpa-onnx\sherpa-onnx\sherpa-onnx\csrc\offline-tts-character-frontend.cc:ConvertTextToTokenIds:133 Skip unknown character. Unicode codepoint: \U+002e.
D:\a\sherpa-onnx\sherpa-onnx\sherpa-onnx\csrc\offline-tts-character-frontend.cc:ConvertTextToTokenIds:133 Skip unknown character. Unicode codepoint: \U+002e.
D:\a\sherpa-onnx\sherpa-onnx\sherpa-onnx\csrc\offline-tts-character-frontend.cc:ConvertTextToTokenIds:133 Skip unknown character. Unicode codepoint: \U+002e.
D:\a\sherpa-onnx\sherpa-onnx\sherpa-onnx\csrc\offline-tts-character-frontend.cc:ConvertTextToTokenIds:133 Skip unknown character. Unicode codepoint: \U+002e.
D:\a\sherpa-onnx\sherpa-onnx\sherpa-onnx\csrc\offline-tts-character-frontend.cc:ConvertTextToTokenIds:133 Skip unknown character. Unicode codepoint: \U+002e.
D:\a\sherpa-onnx\sherpa-onnx\sherpa-onnx\csrc\offline-tts-character-frontend.cc:ConvertTextToTokenIds:133 Skip unknown character. Unicode codepoint: \U+002e.
D:\a\sherpa-onnx\sherpa-onnx\sherpa-onnx\csrc\offline-tts-character-frontend.cc:ConvertTextToTokenIds:133 Skip unknown character. Unicode codepoint: \U+002e.
D:\a\sherpa-onnx\sherpa-onnx\sherpa-onnx\csrc\offline-tts-character-frontend.cc:ConvertTextToTokenIds:133 Skip unknown character. Unicode codepoint: \U+002e.
D:\a\sherpa-onnx\sherpa-onnx\sherpa-onnx\csrc\offline-tts-character-frontend.cc:ConvertTextToTokenIds:133 Skip unknown character. Unicode codepoint: \U+002e.
D:\a\sherpa-onnx\sherpa-onnx\sherpa-onnx\csrc\offline-tts-character-frontend.cc:ConvertTextToTokenIds:133 Skip unknown character. Unicode codepoint: \U+002e.
D:\a\sherpa-onnx\sherpa-onnx\sherpa-onnx\csrc\offline-tts-character-frontend.cc:ConvertTextToTokenIds:133 Skip unknown character. Unicode codepoint: \U+002e.
D:\a\sherpa-onnx\sherpa-onnx\sherpa-onnx\csrc\offline-tts-character-frontend.cc:ConvertTextToTokenIds:133 Skip unknown character. Unicode codepoint: \U+0ce7.
D:\a\sherpa-onnx\sherpa-onnx\sherpa-onnx\csrc\offline-tts-character-frontend.cc:ConvertTextToTokenIds:133 Skip unknown character. Unicode codepoint: \U+0ce8.
D:\a\sherpa-onnx\sherpa-onnx\sherpa-onnx\csrc\offline-tts-character-frontend.cc:ConvertTextToTokenIds:133 Skip unknown character. Unicode codepoint: \U+002e.
D:\a\sherpa-onnx\sherpa-onnx\sherpa-onnx\csrc\offline-tts-character-frontend.cc:ConvertTextToTokenIds:133 Skip unknown character. Unicode codepoint: \U+0ce7.
D:\a\sherpa-onnx\sherpa-onnx\sherpa-onnx\csrc\offline-tts-character-frontend.cc:ConvertTextToTokenIds:133 Skip unknown character. Unicode codepoint: \U+0ce8.
D:\a\sherpa-onnx\sherpa-onnx\sherpa-onnx\csrc\offline-tts-character-frontend.cc:ConvertTextToTokenIds:133 Skip unknown character. Unicode codepoint: \U+002e.
D:\a\sherpa-onnx\sherpa-onnx\sherpa-onnx\csrc\offline-tts-character-frontend.cc:ConvertTextToTokenIds:133 Skip unknown character. Unicode codepoint: \U+002e.
D:\a\sherpa-onnx\sherpa-onnx\sherpa-onnx\csrc\offline-tts-character-frontend.cc:ConvertTextToTokenIds:133 Skip unknown character. Unicode codepoint: \U+002e.
D:\a\sherpa-onnx\sherpa-onnx\sherpa-onnx\csrc\offline-tts-character-frontend.cc:ConvertTextToTokenIds:133 Skip unknown character. Unicode codepoint: \U+002e.
D:\a\sherpa-onnx\sherpa-onnx\sherpa-onnx\csrc\offline-tts-character-frontend.cc:ConvertTextToTokenIds:133 Skip unknown character. Unicode codepoint: \U+002e.
D:\a\sherpa-onnx\sherpa-onnx\sherpa-onnx\csrc\offline-tts-character-frontend.cc:ConvertTextToTokenIds:133 Skip unknown character. Unicode codepoint: \U+002e.
D:\a\sherpa-onnx\sherpa-onnx\sherpa-onnx\csrc\offline-tts-character-frontend.cc:ConvertTextToTokenIds:133 Skip unknown character. Unicode codepoint: \U+002e.
[01] dur=5.37s synth=2.67s missing=['.', '.']
[01_r2] dur=5.09s synth=7.43s missing=['.', '.']
[02] dur=3.96s synth=5.62s missing=['.', '.']
[02_r2] dur=3.87s synth=6.23s missing=['.', '.']
[03] dur=3.24s synth=4.58s missing=['.']
[03_r2] dur=3.23s synth=7.26s missing=['.']
[04] dur=4.50s synth=12.98s missing=['.']
[04_r2] dur=4.22s synth=12.57s missing=['.']
[05] dur=5.05s synth=12.14s missing=['.']
[05_r2] dur=5.81s synth=17.16s missing=['.']
[06] dur=5.90s synth=15.39s missing=['.', '.']
[06_r2] dur=5.75s synth=13.83s missing=['.', '.']
[07] dur=3.79s synth=7.16s missing=['.']
[07_r2] dur=3.76s synth=10.69s missing=['.']
[08] dur=3.90s synth=12.75s missing=['.']
[08_r2] dur=3.44s synth=13.85s missing=['.']
[09] dur=3.16s synth=12.06s missing=['೧', '೨', '.']
[09_r2] dur=2.95s synth=11.25s missing=['೧', '೨', '.']
[10] dur=4.75s synth=21.61s missing=['.', '.', '.']
[10_r2] dur=4.78s synth=30.39s missing=['.', '.', '.']
